{
    "iapps": [],
    "l7Policies": [],
    "monitors": [
        {
            "gracePeriodSeconds": 300,
            "ignoreHttp1xx": false,
            "interval": 60,
            "intervalSeconds": 60,
            "maxConsecutiveFailures": 3,
            "name": "server-app_80_0_http",
            "path": "/this/is/a/nondefault/path",
            "portIndex": 0,
            "protocol": "MESOS_HTTP",
            "send": "GET /this/is/a/nondefault/path HTTP/1.0\\r\\n\\r\\n",
            "timeout": 141,
            "timeoutSeconds": 20,
            "type": "http"
        },
        {
            "gracePeriodSeconds": 300,
            "ignoreHttp1xx": false,
            "interval": 60,
            "intervalSeconds": 60,
            "maxConsecutiveFailures": 3,
            "name": "server-app_80_1_tcp",
            "path": "/",
            "portIndex": 0,
            "protocol": "MESOS_TCP",
            "timeout": 141,
            "timeoutSeconds": 20,
            "type": "tcp"
        }
    ],
    "pools": [
        {
            "loadBalancingMode": "round-robin",
            "members": [
                {
                    "address": "10.141.141.10",
                    "connectionLimit": 0,
                    "port": 31132,
                    "priorityGroup": 0,
                    "rateLimit": 0,
                    "ratio": 1,
                    "session": "user-enabled"
                },
                {
                    "address": "10.141.141.10",
                    "connectionLimit": 0,
                    "port": 31615,
                    "priorityGroup": 0,
                    "rateLimit": 0,
                    "ratio": 1,
                    "session": "user-enabled"
                },
                {
                    "address": "10.141.141.10",
                    "connectionLimit": 0,
                    "port": 31972,
                    "priorityGroup": 0,
                    "rateLimit": 0,
                    "ratio": 1,
                    "session": "user-enabled"
                },
                {
                    "address": "10.141.141.10",
                    "connectionLimit": 0,
                    "port": 31982,
                    "priorityGroup": 0,
                    "rateLimit": 0,
                    "ratio": 1,
                    "session": "user-enabled"
                }
            ],
            "monitors": [
                "/mesos/server-app_80_0_http",
                "/mesos/server-app_80_1_tcp"
            ],
            "name": "server-app_80"
        },
        {
            "loadBalancingMode": "round-robin",
            "members": [],
            "monitors": [],
            "name": "server-app_443"
        }
    ],
    "virtualServers": [
        {
            "connectionLimit": 0,
            "destination": "/mesos/10.128.10.240:80",
            "enabled": true,
            "ipProtocol": "tcp",
            "name": "server-app_80",
            "pool": "/mesos/server-app_80",
            "profiles": [
                {
                    "name": "http",
                    "partition": "Common",
                    "context": "all"
                },
                {
                    "name": "tcp",
                    "partition": "Common",
                    "context": "all"
                }
            ],
            "sourceAddressTranslation": {
                "type": "automap"
            }
        },
        {
            "connectionLimit": 0,
            "destination": "/mesos/10.128.10.240:443",
            "enabled": true,
            "ipProtocol": "tcp",
            "name": "server-app_443",
            "pool": "/mesos/server-app_443",
            "profiles": [
                {
                    "name": "http",
                    "partition": "Common",
                    "context": "all"
                },
                {
                    "name": "tcp",
                    "partition": "Common",
                    "context": "all"
                }
            ],
            "sourceAddressTranslation": {
                "type": "automap"
            }
        }
    ]
}
